// Jest Snapshot v1, https://goo.gl/fbAQLP

exports[`News Container Displays a list of articles 1`] = `
<ul
  aria-label="searchResult"
>
  <li>
    <article>
      <p
        title="theTitle"
      >
        前三季度我国国际收支基本平衡--经济·科技 - 人民网
      </p>
      <p>
        本报北京11月5日电  （记者葛孟超）国家外汇管理局5日公布2021年前三季度国际收支平衡表初步数据。数据显示，2021年前三季度，我国国际收支基本平衡。其中，经常账户顺差20
      </p>
      <p />
    </article>
  </li>
  <li>
    <article>
      <p
        title="theTitle"
      >
        American Airlines jacks up flight attendant holiday pay to avoid more flight cancellations - CNBC
      </p>
      <p>
        American Airlines offers as much as triple-flight attendant pay for working holiday trips if they also have perfect attendance through Jan. 2.
      </p>
      <p>
        American Airlines, jolted by mass cancellations last weekend, has offered flight attendants as much as triple their pay to work holiday trips if they also have perfect attendance through early Januar… [+2461 chars]
      </p>
    </article>
  </li>
  <li>
    <article>
      <p
        title="theTitle"
      >
        Alphabet, cada vez más cerca del exclusivo club de 2 billones de dólares - El CEO
      </p>
      <p>
        Alphabet, propietaria de Google, está un paso de superar el valor de mercado de 2 billones de dólares, gracias a un aumento del 69% este año impulsado por un repunte en el gasto en anuncios digitales y el crecimiento de su negocio en la nube. Las acciones sub…
      </p>
      <p>
        5 de noviembre 2021 | 3:52 pm
Alphabet, propietaria de Google, está un paso de superar el valor de mercado de 2 billones de dólares, gracias a un aumento del 69% este año impulsado por un repunte en… [+1298 chars]
      </p>
    </article>
  </li>
  <li>
    <article>
      <p
        title="theTitle"
      >
        ¿Compraste acciones de Tesla hace 11 años? Tu dinero creció cinco cifras - Dinero en imagen
      </p>
      <p>
        Mientras que los que invirtieron en Tesla en el 2011, tendrán una rentabilidad de cinco cifras.
      </p>
      <p>
        En enero de 2010 Tesla presentó su oferta pública inicial, en ese momento era una empresa emergente de apenas 6 años, más conocida por su vehículo eléctrico Roadster, así que apostar por la empresa d… [+932 chars]
      </p>
    </article>
  </li>
  <li>
    <article>
      <p
        title="theTitle"
      >
        B.C. court rules Edward Rogers is legitimate chair of telecom company - CBC.ca
      </p>
      <p>
        A British Columbia court has ruled that Edward Rogers is the legitimate chair of Rogers Communications Inc., a major legal victory in his battle to take control of the company that bears his family name.
      </p>
      <p>
        A British Columbia court has ruled that Edward Rogers is the legitimate chair of Rogers Communications Inc., a major legal victory in his battle to take control of the company that bears his family n… [+2490 chars]
      </p>
    </article>
  </li>
</ul>
`;
